[
    {
        "item": {
            "text": "I am fine"
        },
        "refIndex": 3,
        "matches": [
            {
                "indices": [
                    [
                        5,
                        8
                    ]
                ],
                "value": "I am fine",
                "key": "text"
            }
        ],
        "score": 9.287439764962262e-10
    }
]