[
    {
        "item": {
            "text": "indeed fine hello foo"
        },
        "refIndex": 2,
        "matches": [
            {
                "indices": [
                    [
                        0,
                        10
                    ],
                    [
                        18,
                        20
                    ]
                ],
                "value": "indeed fine hello foo",
                "key": "text"
            }
        ],
        "score": 1.4901161193847656e-8
    },
    {
        "item": {
            "text": "hello word"
        },
        "refIndex": 0,
        "matches": [
            {
                "indices": [
                    [
                        0,
                        4
                    ]
                ],
                "value": "hello word",
                "key": "text"
            }
        ],
        "score": 0.3205001277290518
    }
]